running egg_info
creating ../../build/reaper_description/reaper_description.egg-info
writing ../../build/reaper_description/reaper_description.egg-info/PKG-INFO
writing dependency_links to ../../build/reaper_description/reaper_description.egg-info/dependency_links.txt
writing entry points to ../../build/reaper_description/reaper_description.egg-info/entry_points.txt
writing requirements to ../../build/reaper_description/reaper_description.egg-info/requires.txt
writing top-level names to ../../build/reaper_description/reaper_description.egg-info/top_level.txt
writing manifest file '../../build/reaper_description/reaper_description.egg-info/SOURCES.txt'
reading manifest file '../../build/reaper_description/reaper_description.egg-info/SOURCES.txt'
writing manifest file '../../build/reaper_description/reaper_description.egg-info/SOURCES.txt'
running build
running build_py
creating /home/cameron/control_sim/build/reaper_description/build
creating /home/cameron/control_sim/build/reaper_description/build/lib
creating /home/cameron/control_sim/build/reaper_description/build/lib/reaper_description
copying reaper_description/__init__.py -> /home/cameron/control_sim/build/reaper_description/build/lib/reaper_description
running install
running install_lib
creating /home/cameron/control_sim/install/reaper_description/lib/python3.10/site-packages/reaper_description
copying /home/cameron/control_sim/build/reaper_description/build/lib/reaper_description/__init__.py -> /home/cameron/control_sim/install/reaper_description/lib/python3.10/site-packages/reaper_description
byte-compiling /home/cameron/control_sim/install/reaper_description/lib/python3.10/site-packages/reaper_description/__init__.py to __init__.cpython-310.pyc
running install_data
creating /home/cameron/control_sim/install/reaper_description/share/ament_index
creating /home/cameron/control_sim/install/reaper_description/share/ament_index/resource_index
creating /home/cameron/control_sim/install/reaper_description/share/ament_index/resource_index/packages
copying resource/reaper_description -> /home/cameron/control_sim/install/reaper_description/share/ament_index/resource_index/packages
copying package.xml -> /home/cameron/control_sim/install/reaper_description/share/reaper_description
copying launch/launch.py -> /home/cameron/control_sim/install/reaper_description/share/reaper_description
copying launch/gz_simulator_launch.py -> /home/cameron/control_sim/install/reaper_description/share/reaper_description
creating /home/cameron/control_sim/install/reaper_description/share/reaper_description/urdf
copying urdf/robot.sdf -> /home/cameron/control_sim/install/reaper_description/share/reaper_description/urdf/
copying urdf/URDFassy.urdf -> /home/cameron/control_sim/install/reaper_description/share/reaper_description/urdf/
creating /home/cameron/control_sim/install/reaper_description/share/reaper_description/world
copying world/depot.sdf -> /home/cameron/control_sim/install/reaper_description/share/reaper_description/world/
creating /home/cameron/control_sim/install/reaper_description/share/reaper_description/rviz
creating /home/cameron/control_sim/install/reaper_description/share/reaper_description/meshes
creating /home/cameron/control_sim/install/reaper_description/share/reaper_description/meshes/collision
copying meshes/collision/Chassis.STL -> /home/cameron/control_sim/install/reaper_description/share/reaper_description/meshes/collision/
copying meshes/collision/Linkage.STL -> /home/cameron/control_sim/install/reaper_description/share/reaper_description/meshes/collision/
copying meshes/collision/Bucket.STL -> /home/cameron/control_sim/install/reaper_description/share/reaper_description/meshes/collision/
creating /home/cameron/control_sim/install/reaper_description/share/reaper_description/meshes/visual
copying meshes/visual/Chassis.STL -> /home/cameron/control_sim/install/reaper_description/share/reaper_description/meshes/visual/
copying meshes/visual/Linkage.STL -> /home/cameron/control_sim/install/reaper_description/share/reaper_description/meshes/visual/
copying meshes/visual/Bucket.STL -> /home/cameron/control_sim/install/reaper_description/share/reaper_description/meshes/visual/
creating /home/cameron/control_sim/install/reaper_description/share/reaper_description/config
copying config/gz_bridge.yaml -> /home/cameron/control_sim/install/reaper_description/share/reaper_description/config/
copying config/default_config.rviz -> /home/cameron/control_sim/install/reaper_description/share/reaper_description/config/
running install_egg_info
Copying ../../build/reaper_description/reaper_description.egg-info to /home/cameron/control_sim/install/reaper_description/lib/python3.10/site-packages/reaper_description-0.0.0-py3.10.egg-info
running install_scripts
writing list of installed files to '/home/cameron/control_sim/build/reaper_description/install.log'
