[0.469s] Invoking command in '/home/cameron/control_sim/src/reaper_description': PYTHONPATH=/home/cameron/control_sim/build/reaper_description/prefix_override:/usr/lib/python3/dist-packages/colcon_core/task/python/colcon_distutils_commands:/home/cameron/control_sim/install/reaper_description/lib/python3.10/site-packages:${PYTHONPATH} /usr/bin/python3 -W ignore:setup.py install is deprecated -W ignore:easy_install command is deprecated setup.py egg_info --egg-base ../../build/reaper_description build --build-base /home/cameron/control_sim/build/reaper_description/build install --record /home/cameron/control_sim/build/reaper_description/install.log --single-version-externally-managed install_data
[0.623s] running egg_info
[0.628s] writing ../../build/reaper_description/reaper_description.egg-info/PKG-INFO
[0.628s] writing dependency_links to ../../build/reaper_description/reaper_description.egg-info/dependency_links.txt
[0.628s] writing entry points to ../../build/reaper_description/reaper_description.egg-info/entry_points.txt
[0.628s] writing requirements to ../../build/reaper_description/reaper_description.egg-info/requires.txt
[0.628s] writing top-level names to ../../build/reaper_description/reaper_description.egg-info/top_level.txt
[0.629s] reading manifest file '../../build/reaper_description/reaper_description.egg-info/SOURCES.txt'
[0.629s] writing manifest file '../../build/reaper_description/reaper_description.egg-info/SOURCES.txt'
[0.630s] running build
[0.630s] running build_py
[0.630s] running install
[0.630s] running install_lib
[0.630s] running install_data
[0.631s] copying urdf/URDFassy.urdf -> /home/cameron/control_sim/install/reaper_description/share/reaper_description/urdf/
[0.631s] running install_egg_info
[0.632s] removing '/home/cameron/control_sim/install/reaper_description/lib/python3.10/site-packages/reaper_description-0.0.0-py3.10.egg-info' (and everything under it)
[0.632s] Copying ../../build/reaper_description/reaper_description.egg-info to /home/cameron/control_sim/install/reaper_description/lib/python3.10/site-packages/reaper_description-0.0.0-py3.10.egg-info
[0.633s] running install_scripts
[0.646s] writing list of installed files to '/home/cameron/control_sim/build/reaper_description/install.log'
[0.661s] Invoked command in '/home/cameron/control_sim/src/reaper_description' returned '0': PYTHONPATH=/home/cameron/control_sim/build/reaper_description/prefix_override:/usr/lib/python3/dist-packages/colcon_core/task/python/colcon_distutils_commands:/home/cameron/control_sim/install/reaper_description/lib/python3.10/site-packages:${PYTHONPATH} /usr/bin/python3 -W ignore:setup.py install is deprecated -W ignore:easy_install command is deprecated setup.py egg_info --egg-base ../../build/reaper_description build --build-base /home/cameron/control_sim/build/reaper_description/build install --record /home/cameron/control_sim/build/reaper_description/install.log --single-version-externally-managed install_data
